hlsl.flattenOpaqueInitMix.vert
WARNING: AST will form illegal SPIR-V; need to transform to legalize
Shader version: 500
0:? Sequence
0:5  Function Definition: lookUp(struct-FxaaTex-p1-t21-f11; ( temp 4-component vector of float)
0:5    Function Parameters: 
0:?       'tex.smpl' ( in sampler)
0:?       'tex.tex' ( in texture2D)
0:?       'tex.f' ( in float)
0:?     Sequence
0:6      Branch: Return with expression
0:6        texture ( temp 4-component vector of float)
0:6          Construct combined texture-sampler ( temp sampler2D)
0:?             'tex.tex' ( in texture2D)
0:?             'tex.smpl' ( in sampler)
0:?           Construct vec2 ( temp 2-component vector of float)
0:?             'tex.f' ( in float)
0:?             'tex.f' ( in float)
0:10  Function Definition: @main( ( temp 4-component vector of float)
0:10    Function Parameters: 
0:?     Sequence
0:11      Sequence
0:11        Sequence
0:11          move second child to first child ( temp structure{ temp sampler smpl,  temp texture2D tex,  temp float f})
0:11            'flattenTemp' ( temp structure{ temp sampler smpl,  temp texture2D tex,  temp float f})
0:11            Construct structure ( temp structure{ temp sampler smpl,  temp texture2D tex,  temp float f})
0:11              'g_tInputTexture_sampler' ( uniform sampler)
0:11              'g_tInputTexture' ( uniform texture2D)
0:11              Constant:
0:11                0.500000
0:11          move second child to first child ( temp sampler)
0:?             'tex.smpl' ( temp sampler)
0:11            smpl: direct index for structure ( temp sampler)
0:11              'flattenTemp' ( temp structure{ temp sampler smpl,  temp texture2D tex,  temp float f})
0:11              Constant:
0:11                0 (const int)
0:11          move second child to first child ( temp texture2D)
0:?             'tex.tex' ( temp texture2D)
0:11            tex: direct index for structure ( temp texture2D)
0:11              'flattenTemp' ( temp structure{ temp sampler smpl,  temp texture2D tex,  temp float f})
0:11              Constant:
0:11                1 (const int)
0:11          move second child to first child ( temp float)
0:?             'tex.f' ( temp float)
0:11            f: direct index for structure ( temp float)
0:11              'flattenTemp' ( temp structure{ temp sampler smpl,  temp texture2D tex,  temp float f})
0:11              Constant:
0:11                2 (const int)
0:12      Branch: Return with expression
0:12        Function Call: lookUp(struct-FxaaTex-p1-t21-f11; ( temp 4-component vector of float)
0:?           'tex.smpl' ( temp sampler)
0:?           'tex.tex' ( temp texture2D)
0:?           'tex.f' ( temp float)
0:10  Function Definition: main( ( temp void)
0:10    Function Parameters: 
0:?     Sequence
0:10      move second child to first child ( temp 4-component vector of float)
0:?         '@entryPointOutput' (layout( location=0) out 4-component vector of float)
0:10        Function Call: @main( ( temp 4-component vector of float)
0:?   Linker Objects
0:?     'g_tInputTexture_sampler' ( uniform sampler)
0:?     'g_tInputTexture' ( uniform texture2D)
0:?     '@entryPointOutput' (layout( location=0) out 4-component vector of float)


Linked vertex stage:


Shader version: 500
0:? Sequence
0:5  Function Definition: lookUp(struct-FxaaTex-p1-t21-f11; ( temp 4-component vector of float)
0:5    Function Parameters: 
0:?       'tex.smpl' ( in sampler)
0:?       'tex.tex' ( in texture2D)
0:?       'tex.f' ( in float)
0:?     Sequence
0:6      Branch: Return with expression
0:6        texture ( temp 4-component vector of float)
0:6          Construct combined texture-sampler ( temp sampler2D)
0:?             'tex.tex' ( in texture2D)
0:?             'tex.smpl' ( in sampler)
0:?           Construct vec2 ( temp 2-component vector of float)
0:?             'tex.f' ( in float)
0:?             'tex.f' ( in float)
0:10  Function Definition: @main( ( temp 4-component vector of float)
0:10    Function Parameters: 
0:?     Sequence
0:11      Sequence
0:11        Sequence
0:11          move second child to first child ( temp structure{ temp sampler smpl,  temp texture2D tex,  temp float f})
0:11            'flattenTemp' ( temp structure{ temp sampler smpl,  temp texture2D tex,  temp float f})
0:11            Construct structure ( temp structure{ temp sampler smpl,  temp texture2D tex,  temp float f})
0:11              'g_tInputTexture_sampler' ( uniform sampler)
0:11              'g_tInputTexture' ( uniform texture2D)
0:11              Constant:
0:11                0.500000
0:11          move second child to first child ( temp sampler)
0:?             'tex.smpl' ( temp sampler)
0:11            smpl: direct index for structure ( temp sampler)
0:11              'flattenTemp' ( temp structure{ temp sampler smpl,  temp texture2D tex,  temp float f})
0:11              Constant:
0:11                0 (const int)
0:11          move second child to first child ( temp texture2D)
0:?             'tex.tex' ( temp texture2D)
0:11            tex: direct index for structure ( temp texture2D)
0:11              'flattenTemp' ( temp structure{ temp sampler smpl,  temp texture2D tex,  temp float f})
0:11              Constant:
0:11                1 (const int)
0:11          move second child to first child ( temp float)
0:?             'tex.f' ( temp float)
0:11            f: direct index for structure ( temp float)
0:11              'flattenTemp' ( temp structure{ temp sampler smpl,  temp texture2D tex,  temp float f})
0:11              Constant:
0:11                2 (const int)
0:12      Branch: Return with expression
0:12        Function Call: lookUp(struct-FxaaTex-p1-t21-f11; ( temp 4-component vector of float)
0:?           'tex.smpl' ( temp sampler)
0:?           'tex.tex' ( temp texture2D)
0:?           'tex.f' ( temp float)
0:10  Function Definition: main( ( temp void)
0:10    Function Parameters: 
0:?     Sequence
0:10      move second child to first child ( temp 4-component vector of float)
0:?         '@entryPointOutput' (layout( location=0) out 4-component vector of float)
0:10        Function Call: @main( ( temp 4-component vector of float)
0:?   Linker Objects
0:?     'g_tInputTexture_sampler' ( uniform sampler)
0:?     'g_tInputTexture' ( uniform texture2D)
0:?     '@entryPointOutput' (layout( location=0) out 4-component vector of float)

// Module Version 10000
// Generated by (magic number): 80001
// Id's are bound by 65

                              Capability Shader
               1:             ExtInstImport  "GLSL.std.450"
                              MemoryModel Logical GLSL450
                              EntryPoint Vertex 4  "main" 63
                              Source HLSL 500
                              Name 4  "main"
                              Name 17  "lookUp(struct-FxaaTex-p1-t21-f11;"
                              Name 14  "tex.smpl"
                              Name 15  "tex.tex"
                              Name 16  "tex.f"
                              Name 20  "@main("
                              Name 34  "FxaaTex"
                              MemberName 34(FxaaTex) 0  "smpl"
                              MemberName 34(FxaaTex) 1  "tex"
                              MemberName 34(FxaaTex) 2  "f"
                              Name 36  "flattenTemp"
                              Name 37  "g_tInputTexture_sampler"
                              Name 39  "g_tInputTexture"
                              Name 43  "tex.smpl"
                              Name 48  "tex.tex"
                              Name 52  "tex.f"
                              Name 57  "param"
                              Name 63  "@entryPointOutput"
                              Decorate 37(g_tInputTexture_sampler) DescriptorSet 0
                              Decorate 39(g_tInputTexture) DescriptorSet 0
                              Decorate 63(@entryPointOutput) Location 0
               2:             TypeVoid
               3:             TypeFunction 2
               6:             TypeSampler
               7:             TypePointer UniformConstant 6
               8:             TypeFloat 32
               9:             TypeImage 8(float) 2D sampled format:Unknown
              10:             TypePointer UniformConstant 9
              11:             TypePointer Function 8(float)
              12:             TypeVector 8(float) 4
              13:             TypeFunction 12(fvec4) 7(ptr) 10(ptr) 11(ptr)
              19:             TypeFunction 12(fvec4)
              24:             TypeSampledImage 9
              28:             TypeVector 8(float) 2
              30:    8(float) Constant 0
     34(FxaaTex):             TypeStruct 6 9 8(float)
              35:             TypePointer UniformConstant 34(FxaaTex)
 36(flattenTemp):     35(ptr) Variable UniformConstant
37(g_tInputTexture_sampler):      7(ptr) Variable UniformConstant
39(g_tInputTexture):     10(ptr) Variable UniformConstant
              41:    8(float) Constant 1056964608
    43(tex.smpl):      7(ptr) Variable UniformConstant
              44:             TypeInt 32 1
              45:     44(int) Constant 0
     48(tex.tex):     10(ptr) Variable UniformConstant
              49:     44(int) Constant 1
              53:     44(int) Constant 2
              54:             TypePointer UniformConstant 8(float)
              62:             TypePointer Output 12(fvec4)
63(@entryPointOutput):     62(ptr) Variable Output
         4(main):           2 Function None 3
               5:             Label
              64:   12(fvec4) FunctionCall 20(@main()
                              Store 63(@entryPointOutput) 64
                              Return
                              FunctionEnd
17(lookUp(struct-FxaaTex-p1-t21-f11;):   12(fvec4) Function None 13
    14(tex.smpl):      7(ptr) FunctionParameter
     15(tex.tex):     10(ptr) FunctionParameter
       16(tex.f):     11(ptr) FunctionParameter
              18:             Label
              22:           9 Load 15(tex.tex)
              23:           6 Load 14(tex.smpl)
              25:          24 SampledImage 22 23
              26:    8(float) Load 16(tex.f)
              27:    8(float) Load 16(tex.f)
              29:   28(fvec2) CompositeConstruct 26 27
              31:   12(fvec4) ImageSampleExplicitLod 25 29 Lod 30
                              ReturnValue 31
                              FunctionEnd
      20(@main():   12(fvec4) Function None 19
              21:             Label
       52(tex.f):     11(ptr) Variable Function
       57(param):     11(ptr) Variable Function
              38:           6 Load 37(g_tInputTexture_sampler)
              40:           9 Load 39(g_tInputTexture)
              42: 34(FxaaTex) CompositeConstruct 38 40 41
                              Store 36(flattenTemp) 42
              46:      7(ptr) AccessChain 36(flattenTemp) 45
              47:           6 Load 46
                              Store 43(tex.smpl) 47
              50:     10(ptr) AccessChain 36(flattenTemp) 49
              51:           9 Load 50
                              Store 48(tex.tex) 51
              55:     54(ptr) AccessChain 36(flattenTemp) 53
              56:    8(float) Load 55
                              Store 52(tex.f) 56
              58:    8(float) Load 52(tex.f)
                              Store 57(param) 58
              59:   12(fvec4) FunctionCall 17(lookUp(struct-FxaaTex-p1-t21-f11;) 43(tex.smpl) 48(tex.tex) 57(param)
                              ReturnValue 59
                              FunctionEnd
