spv.stereoViewRendering.tesc
ERROR: 0:8: 'gl_PerVertex' : block redeclaration has extra members 
ERROR: 1 compilation errors.  No code generated.


SPIR-V is not generated for failed compile or link
