spv.viewportArray2.tesc
ERROR: 0:6: 'gl_PerVertex' : block redeclaration has extra members 
ERROR: 0:15: 'gl_ViewportIndex' : no such field in structure 
ERROR: 0:15: 'assign' :  cannot convert from ' const int' to ' temp block{ out 2-element array of int ViewportMaskNV gl_ViewportMask}'
ERROR: 3 compilation errors.  No code generated.


SPIR-V is not generated for failed compile or link
